<pre>
MemTotal:        1023248 kB
MemFree:          135460 kB
MemAvailable:     354044 kB
Buffers:           26556 kB
Cached:           319576 kB
SwapCached:            0 kB
Active:           619780 kB
Inactive:         203056 kB
Active(anon):     477576 kB
Inactive(anon):     6748 kB
Active(file):     142204 kB
Inactive(file):   196308 kB
Unevictable:          32 kB
Mlocked:              32 kB
HighTotal:        135112 kB
HighFree:           1792 kB
LowTotal:         888136 kB
LowFree:          133668 kB
SwapTotal:       1046524 kB
SwapFree:        1046524 kB
Dirty:                12 kB
Writeback:             0 kB
AnonPages:        459832 kB
Mapped:           166184 kB
Shmem:              7624 kB
Slab:              30556 kB
SReclaimable:      18536 kB
SUnreclaim:        12020 kB
KernelStack:        2864 kB
PageTables:         7780 kB
NFS_Unstable:          0 kB
Bounce:                0 kB
WritebackTmp:          0 kB
CommitLimit:     1558148 kB
Committed_AS:    3054304 kB
VmallocTotal:     122880 kB
VmallocUsed:           0 kB
VmallocChunk:          0 kB
AnonHugePages:    231424 kB
ShmemHugePages:        0 kB
ShmemPmdMapped:        0 kB
CmaTotal:              0 kB
CmaFree:               0 kB
HugePages_Total:       0
HugePages_Free:        0
HugePages_Rsvd:        0
HugePages_Surp:        0
Hugepagesize:       2048 kB
DirectMap4k:       38904 kB
DirectMap2M:      874496 kB
</pre>
